[elegencia.pixcelsthemes.com/livepreview/django04b9.html]
[elegencia.pixcelsthemes.com/livepreview/elegencia-main/restaurant/assetsimg/favicon.svg]
[backblue.gif]
[fade.gif]
[index.html]
[elegencia.pixcelsthemes.com/livepreview/elegencia-main/assets/css/plugins/bootstrap.min.css]
[elegencia.pixcelsthemes.com/livepreview/elegencia-main/assets/css/plugins/lightgallery.min.css]
[elegencia.pixcelsthemes.com/livepreview/elegencia-main/assets/css/plugins/swiper.min.css]
[elegencia.pixcelsthemes.com/livepreview/elegencia-main/assets/sass/style.css]
[elegencia.pixcelsthemes.com/livepreview/style.css]
[elegencia.pixcelsthemes.com/livepreview/django.html]
[elegencia.pixcelsthemes.com/livepreview/elegencia-main/assets/img/logo.png]
[elegencia.pixcelsthemes.com/livepreview/img/lading-bg.png]
[elegencia.pixcelsthemes.com/livepreview/elegencia-main/restaurant/index.html]
[elegencia.pixcelsthemes.com/livepreview/img/restaurant.png]
[elegencia.pixcelsthemes.com/livepreview/elegencia-main/hotel-resort/index.html]
[elegencia.pixcelsthemes.com/livepreview/img/hotelandresort.png]
[elegencia.pixcelsthemes.com/livepreview/img/01_home.jpg]
[elegencia.pixcelsthemes.com/livepreview/img/02_home.jpg]
[elegencia.pixcelsthemes.com/livepreview/elegencia-main/restaurant/home-2.html]
[elegencia.pixcelsthemes.com/livepreview/img/03_home.jpg]
[elegencia.pixcelsthemes.com/livepreview/elegencia-main/restaurant/home-3.html]
[elegencia.pixcelsthemes.com/livepreview/img/04_home.jpg]
[elegencia.pixcelsthemes.com/livepreview/elegencia-main/hotel-resort/resort.html]
[elegencia.pixcelsthemes.com/livepreview/img/05_home.jpg]
[elegencia.pixcelsthemes.com/livepreview/img/coming-soon.jpg]
[elegencia.pixcelsthemes.com/livepreview/img/06_chef.jpg]
[elegencia.pixcelsthemes.com/livepreview/elegencia-main/restaurant/chef.html]
[elegencia.pixcelsthemes.com/livepreview/img/03_about.jpg]
[elegencia.pixcelsthemes.com/livepreview/elegencia-main/restaurant/about.html]
[elegencia.pixcelsthemes.com/livepreview/img/04_menu.jpg]
[elegencia.pixcelsthemes.com/livepreview/elegencia-main/restaurant/menu.html]
[elegencia.pixcelsthemes.com/livepreview/img/07_meet_the_chef.jpg]
[elegencia.pixcelsthemes.com/livepreview/elegencia-main/restaurant/meet-the-chef.html]
[elegencia.pixcelsthemes.com/livepreview/img/09_portfolio.jpg]
[elegencia.pixcelsthemes.com/livepreview/elegencia-main/restaurant/portfolio.html]
[elegencia.pixcelsthemes.com/livepreview/img/10_portfolio_details.jpg]
[elegencia.pixcelsthemes.com/livepreview/elegencia-main/restaurant/portfolio-details.html]
[elegencia.pixcelsthemes.com/livepreview/img/11_blog.jpg]
[elegencia.pixcelsthemes.com/livepreview/elegencia-main/restaurant/blog.html]
[elegencia.pixcelsthemes.com/livepreview/img/12_blog_details.jpg]
[elegencia.pixcelsthemes.com/livepreview/elegencia-main/restaurant/blog-details.html]
[elegencia.pixcelsthemes.com/livepreview/img/13_contact_us.jpg]
[elegencia.pixcelsthemes.com/livepreview/elegencia-main/restaurant/contact.html target=]
[elegencia.pixcelsthemes.com/livepreview/elegencia-main/restaurant/contact-2.html]
[elegencia.pixcelsthemes.com/livepreview/img/01_full_width_menu.jpg]
[elegencia.pixcelsthemes.com/livepreview/elegencia-main/hotel-resort/about-hotel-resort.html]
[elegencia.pixcelsthemes.com/livepreview/img/hotel_about.jpg]
[elegencia.pixcelsthemes.com/livepreview/elegencia-main/hotel-resort/room.html]
[elegencia.pixcelsthemes.com/livepreview/img/hotel_room.jpg]
[elegencia.pixcelsthemes.com/livepreview/elegencia-main/hotel-resort/single-room.html]
[elegencia.pixcelsthemes.com/livepreview/img/hotel_room_single.jpg]
[elegencia.pixcelsthemes.com/livepreview/elegencia-main/hotel-resort/event-single-page.html]
[elegencia.pixcelsthemes.com/livepreview/img/hotel_event_details.jpg]
[elegencia.pixcelsthemes.com/livepreview/elegencia-main/hotel-resort/faq.html]
[elegencia.pixcelsthemes.com/livepreview/img/hotel_faq.jpg]
[elegencia.pixcelsthemes.com/livepreview/elegencia-main/hotel-resort/restaurent.html]
[elegencia.pixcelsthemes.com/livepreview/img/hotel_foodwith_menu.jpg]
[elegencia.pixcelsthemes.com/livepreview/elegencia-main/hotel-resort/spa-wellness.html]
[elegencia.pixcelsthemes.com/livepreview/img/hotel_spa.jpg]
[elegencia.pixcelsthemes.com/livepreview/elegencia-main/hotel-resort/blog.html]
[elegencia.pixcelsthemes.com/livepreview/img/hotel_blog.jpg]
[elegencia.pixcelsthemes.com/livepreview/img/14_error_404_page.jpg]
[elegencia.pixcelsthemes.com/livepreview/elegencia-main/restaurant/404.html]
[elegencia.pixcelsthemes.com/livepreview/img/15_comming_soon.jpg]
[elegencia.pixcelsthemes.com/livepreview/elegencia-main/restaurant/comming.html]
[elegencia.pixcelsthemes.com/livepreview/img/bottom_bg.png]
[elegencia.pixcelsthemes.com/livepreview/elegencia-main/assets/js/plugins/jquery-3.7.1.min.js]
[elegencia.pixcelsthemes.com/livepreview/elegencia-main/assets/js/plugins/isotope.pkg.min.js]
[elegencia.pixcelsthemes.com/livepreview/elegencia-main/assets/js/plugins/lightgallery.min.js]
[elegencia.pixcelsthemes.com/livepreview/elegencia-main/assets/js/plugins/swiper.min.js]
[elegencia.pixcelsthemes.com/livepreview/elegencia-main/assets/js/plugins/ScrollSmoother.min.js]
[elegencia.pixcelsthemes.com/livepreview/elegencia-main/assets/js/plugins/SplitText.min.js]
[elegencia.pixcelsthemes.com/livepreview/elegencia-main/assets/js/plugins/ScrollTrigger.min.js]
[elegencia.pixcelsthemes.com/livepreview/elegencia-main/assets/js/plugins/ScrollToPlugin.min.js]
[elegencia.pixcelsthemes.com/livepreview/elegencia-main/assets/js/plugins/gsap.min.js]
[elegencia.pixcelsthemes.com/livepreview/elegencia-main/assets/js/main.js]
[elegencia.pixcelsthemes.com/livepreview/maindemo.js]
[elegencia.pixcelsthemes.com/livepreview/django04b9.html]
[elegencia.pixcelsthemes.com/livepreview/elegencia-main/restaurant/assetsimg/favicon.html]
[elegencia.pixcelsthemes.com/livepreview/elegencia-main/assets/css/plugins/bootstrap.min.css]
[elegencia.pixcelsthemes.com/livepreview/elegencia-main/assets/fonts/lgd641.eot]
[elegencia.pixcelsthemes.com/livepreview/elegencia-main/assets/fonts/lgd41d.eot]
[elegencia.pixcelsthemes.com/livepreview/elegencia-main/assets/fonts/lgd641.woff]
[elegencia.pixcelsthemes.com/livepreview/elegencia-main/assets/fonts/lgd641.ttf]
[elegencia.pixcelsthemes.com/livepreview/elegencia-main/assets/fonts/lgd641.svg]
[elegencia.pixcelsthemes.com/livepreview/elegencia-main/assets/css/img/vimeo-play.png]
[elegencia.pixcelsthemes.com/livepreview/elegencia-main/assets/css/img/video-play.png]
[elegencia.pixcelsthemes.com/livepreview/elegencia-main/assets/css/img/youtube-play.png]
[elegencia.pixcelsthemes.com/livepreview/elegencia-main/assets/img/loading.gif]
[elegencia.pixcelsthemes.com/livepreview/elegencia-main/assets/css/plugins/lightgallery.min.css]
[elegencia.pixcelsthemes.com/livepreview/elegencia-main/assets/css/plugins/swiper.min.css]
[elegencia.pixcelsthemes.com/livepreview/elegencia-main/assets/sass/style.css]
[elegencia.pixcelsthemes.com/livepreview/style.css]
[elegencia.pixcelsthemes.com/livepreview/django.html]
[elegencia.pixcelsthemes.com/livepreview/elegencia-main/assets/img/favicon.svg]
[elegencia.pixcelsthemes.com/livepreview/elegencia-main/assets/css/style.css]
[elegencia.pixcelsthemes.com/livepreview/elegencia-main/restaurant/reservations.html]
[elegencia.pixcelsthemes.com/livepreview/elegencia-main/assets/img/fullWM_1.jpg]
[elegencia.pixcelsthemes.com/livepreview/elegencia-main/assets/img/fullWM_about.jpg]
[elegencia.pixcelsthemes.com/livepreview/elegencia-main/assets/img/fullWM_menu.jpg]
[elegencia.pixcelsthemes.com/livepreview/elegencia-main/assets/img/fullWM_chef.jpg]
[elegencia.pixcelsthemes.com/livepreview/elegencia-main/assets/img/fullWM_contact.jpg]
[elegencia.pixcelsthemes.com/livepreview/elegencia-main/restaurant/gallery.html]
[elegencia.pixcelsthemes.com/livepreview/elegencia-main/assets/img/hero_bg_2.jpg]
[elegencia.pixcelsthemes.com/livepreview/elegencia-main/assets/img/gallery_1.jpg]
[elegencia.pixcelsthemes.com/livepreview/elegencia-main/assets/img/gallery_2.jpg]
[elegencia.pixcelsthemes.com/livepreview/elegencia-main/assets/img/gallery_3.jpg]
[elegencia.pixcelsthemes.com/livepreview/elegencia-main/assets/img/item-show.png]
[elegencia.pixcelsthemes.com/livepreview/elegencia-main/assets/img/item-show_2.png]
[elegencia.pixcelsthemes.com/livepreview/elegencia-main/assets/img/testimonial_icon_l.svg]
[elegencia.pixcelsthemes.com/livepreview/elegencia-main/assets/img/testimonial_1.jpg]
[elegencia.pixcelsthemes.com/livepreview/elegencia-main/assets/img/testimonial_icon_r.svg]
[elegencia.pixcelsthemes.com/livepreview/elegencia-main/assets/img/about_open_hour.jpg]
[elegencia.pixcelsthemes.com/livepreview/elegencia-main/assets/img/bestItem2.jpg]
[elegencia.pixcelsthemes.com/livepreview/elegencia-main/assets/img/star_line.svg]
[elegencia.pixcelsthemes.com/livepreview/elegencia-main/assets/img/bestItem1.jpg]
[elegencia.pixcelsthemes.com/livepreview/elegencia-main/assets/img/aboutVideoBg.jpg]
[elegencia.pixcelsthemes.com/livepreview/elegencia-main/assets/img/footer_bg.png]
[elegencia.pixcelsthemes.com/livepreview/elegencia-main/assets/img/Elegencia.png]
[elegencia.pixcelsthemes.com/livepreview/elegencia-main/restaurant/index.html]
[elegencia.pixcelsthemes.com/livepreview/elegencia-main/hotel-resort/event-list.html]
[elegencia.pixcelsthemes.com/livepreview/elegencia-main/hotel-resort/blog-details.html]
[elegencia.pixcelsthemes.com/livepreview/elegencia-main/hotel-resort/hotel-facilities.html]
[elegencia.pixcelsthemes.com/livepreview/elegencia-main/hotel-resort/comming.html]
[elegencia.pixcelsthemes.com/livepreview/elegencia-main/hotel-resort/404.html]
[elegencia.pixcelsthemes.com/livepreview/elegencia-main/assets/img/hotel_1.png]
[elegencia.pixcelsthemes.com/livepreview/elegencia-main/assets/img/hotel_2.png]
[elegencia.pixcelsthemes.com/livepreview/elegencia-main/assets/img/hotel_3.png]
[elegencia.pixcelsthemes.com/livepreview/elegencia-main/assets/img/about2.jpg]
[elegencia.pixcelsthemes.com/livepreview/elegencia-main/assets/img/signature.png]
[elegencia.pixcelsthemes.com/livepreview/elegencia-main/assets/img/room_1.jpg]
[elegencia.pixcelsthemes.com/livepreview/elegencia-main/assets/img/room_2.jpg]
[elegencia.pixcelsthemes.com/livepreview/elegencia-main/assets/img/core-services.jpg]
[elegencia.pixcelsthemes.com/livepreview/elegencia-main/assets/img/resort_service_2.jpg]
[elegencia.pixcelsthemes.com/livepreview/elegencia-main/assets/img/resort_services_3.jpg]
[elegencia.pixcelsthemes.com/livepreview/elegencia-main/assets/img/resort_service_4.jpg]
[elegencia.pixcelsthemes.com/livepreview/elegencia-main/assets/img/resort_services_5.jpg]
[elegencia.pixcelsthemes.com/livepreview/elegencia-main/assets/img/testimonial_2.jpg]
[elegencia.pixcelsthemes.com/livepreview/elegencia-main/assets/img/testimonial_3.jpg]
[elegencia.pixcelsthemes.com/livepreview/elegencia-main/assets/img/gallery_show_1.jpg]
[elegencia.pixcelsthemes.com/livepreview/elegencia-main/assets/img/gallery_show_2.jpg]
[elegencia.pixcelsthemes.com/livepreview/elegencia-main/assets/img/gallery_show_3.jpg]
[elegencia.pixcelsthemes.com/livepreview/elegencia-main/assets/img/gallery_show_4.jpg]
[elegencia.pixcelsthemes.com/livepreview/elegencia-main/assets/img/room_7.jpg]
[elegencia.pixcelsthemes.com/livepreview/elegencia-main/assets/img/room_8.jpg]
[elegencia.pixcelsthemes.com/livepreview/elegencia-main/hotel-resort/index.html]
[elegencia.pixcelsthemes.com/livepreview/elegencia-main/assets/img/hero_bg_1.jpg]
[elegencia.pixcelsthemes.com/livepreview/elegencia-main/assets/img/about_bg.jpg]
[elegencia.pixcelsthemes.com/livepreview/elegencia-main/assets/img/openingHour.jpg]
[elegencia.pixcelsthemes.com/livepreview/elegencia-main/assets/img/food_item_1.jpg]
[elegencia.pixcelsthemes.com/livepreview/elegencia-main/assets/img/food_item_2.jpg]
[elegencia.pixcelsthemes.com/livepreview/elegencia-main/assets/img/food_item_3.jpg]
[elegencia.pixcelsthemes.com/livepreview/elegencia-main/assets/img/food_item_5.jpg]
[elegencia.pixcelsthemes.com/livepreview/elegencia-main/assets/img/food_item_4.jpg]
[elegencia.pixcelsthemes.com/livepreview/elegencia-main/assets/img/bookingSystemBg.png]
[elegencia.pixcelsthemes.com/livepreview/elegencia-main/restaurant/home-2.html]
[elegencia.pixcelsthemes.com/livepreview/elegencia-main/assets/img/hero_bg_3.jpg]
[elegencia.pixcelsthemes.com/livepreview/elegencia-main/assets/img/food-menu.png]
[elegencia.pixcelsthemes.com/livepreview/elegencia-main/assets/img/about_open_hour_2.jpg]
[elegencia.pixcelsthemes.com/livepreview/elegencia-main/restaurant/home-3.html]
[elegencia.pixcelsthemes.com/livepreview/elegencia-main/assets/img/slider_8_img_1.jpg]
[elegencia.pixcelsthemes.com/livepreview/elegencia-main/assets/img/about3_2.jpg]
[elegencia.pixcelsthemes.com/livepreview/elegencia-main/assets/img/about3.jpg]
[elegencia.pixcelsthemes.com/livepreview/elegencia-main/assets/img/room_3.jpg]
[elegencia.pixcelsthemes.com/livepreview/elegencia-main/assets/img/room_4.jpg]
[elegencia.pixcelsthemes.com/livepreview/elegencia-main/assets/img/paralax_bg.png]
[elegencia.pixcelsthemes.com/livepreview/elegencia-main/assets/img/video_1.png]
[elegencia.pixcelsthemes.com/livepreview/elegencia-main/assets/img/gallery_show_5.jpg]
[elegencia.pixcelsthemes.com/livepreview/elegencia-main/assets/img/gallery_show_6.jpg]
[elegencia.pixcelsthemes.com/livepreview/elegencia-main/assets/img/gallery_show_7.jpg]
[elegencia.pixcelsthemes.com/livepreview/elegencia-main/assets/img/gallery_show_8.jpg]
[elegencia.pixcelsthemes.com/livepreview/elegencia-main/assets/img/gallery_show_9.jpg]
[elegencia.pixcelsthemes.com/livepreview/elegencia-main/assets/img/gallery_show_10.jpg]
[elegencia.pixcelsthemes.com/livepreview/elegencia-main/hotel-resort/resort.html]
[elegencia.pixcelsthemes.com/livepreview/elegencia-main/assets/img/banner_top_all.png]
[elegencia.pixcelsthemes.com/livepreview/elegencia-main/assets/img/chef_1.jpg]
[elegencia.pixcelsthemes.com/livepreview/elegencia-main/assets/img/chef_2.jpg]
[elegencia.pixcelsthemes.com/livepreview/elegencia-main/assets/img/chef_3.jpg]
[elegencia.pixcelsthemes.com/livepreview/elegencia-main/assets/img/chef_4.jpg]
[elegencia.pixcelsthemes.com/livepreview/elegencia-main/assets/img/chef_5.jpg]
[elegencia.pixcelsthemes.com/livepreview/elegencia-main/assets/img/chef_6.jpg]
[elegencia.pixcelsthemes.com/livepreview/elegencia-main/restaurant/chef.html]
[elegencia.pixcelsthemes.com/livepreview/elegencia-main/restaurant/about.html]
[elegencia.pixcelsthemes.com/livepreview/elegencia-main/assets/img/menuBg.png]
[elegencia.pixcelsthemes.com/livepreview/elegencia-main/assets/img/bessertsMenuBg.png]
[elegencia.pixcelsthemes.com/livepreview/elegencia-main/assets/img/barMenuBg.png]
[elegencia.pixcelsthemes.com/livepreview/elegencia-main/assets/img/item-show_3.png]
[elegencia.pixcelsthemes.com/livepreview/elegencia-main/restaurant/menu.html]
[elegencia.pixcelsthemes.com/livepreview/elegencia-main/assets/img/meetAbout.jpg]
[elegencia.pixcelsthemes.com/livepreview/elegencia-main/restaurant/meet-the-chef.html]
[elegencia.pixcelsthemes.com/livepreview/elegencia-main/assets/img/portfolio_2.jpg]
[elegencia.pixcelsthemes.com/livepreview/elegencia-main/assets/img/portfolio_3.jpg]
[elegencia.pixcelsthemes.com/livepreview/elegencia-main/assets/img/portfolio_4.jpg]
[elegencia.pixcelsthemes.com/livepreview/elegencia-main/assets/img/portfolio_5.jpg]
[elegencia.pixcelsthemes.com/livepreview/elegencia-main/assets/img/portfolio_6.jpg]
[elegencia.pixcelsthemes.com/livepreview/elegencia-main/assets/img/portfolio_7.jpg]
[elegencia.pixcelsthemes.com/livepreview/elegencia-main/assets/img/portfolio_8.jpg]
[elegencia.pixcelsthemes.com/livepreview/elegencia-main/assets/img/portfolio_9.jpg]
[elegencia.pixcelsthemes.com/livepreview/elegencia-main/restaurant/portfolio.html]
[elegencia.pixcelsthemes.com/livepreview/elegencia-main/assets/img/portfolio.jpg]
[elegencia.pixcelsthemes.com/livepreview/elegencia-main/assets/img/portfolio_details.jpg]
[elegencia.pixcelsthemes.com/livepreview/elegencia-main/restaurant/portfolio-details.html]
[elegencia.pixcelsthemes.com/livepreview/elegencia-main/assets/img/blog_1.jpg]
[elegencia.pixcelsthemes.com/livepreview/elegencia-main/assets/img/blog_2.jpg]
[elegencia.pixcelsthemes.com/livepreview/elegencia-main/assets/img/blog_3.jpg]
[elegencia.pixcelsthemes.com/livepreview/elegencia-main/assets/img/blog_4.jpg]
[elegencia.pixcelsthemes.com/livepreview/elegencia-main/assets/img/blog_5.jpg]
[elegencia.pixcelsthemes.com/livepreview/elegencia-main/assets/img/blog_6.jpg]
[elegencia.pixcelsthemes.com/livepreview/elegencia-main/assets/img/blog_7.jpg]
[elegencia.pixcelsthemes.com/livepreview/elegencia-main/assets/img/blog_8.jpg]
[elegencia.pixcelsthemes.com/livepreview/elegencia-main/assets/img/blog_9.jpg]
[elegencia.pixcelsthemes.com/livepreview/elegencia-main/assets/js/plugins/pagination.min.js]
[elegencia.pixcelsthemes.com/livepreview/elegencia-main/restaurant/blog.html]
[elegencia.pixcelsthemes.com/livepreview/elegencia-main/assets/img/blog_detalis.jpg]
[elegencia.pixcelsthemes.com/livepreview/elegencia-main/assets/img/blog_details_video.jpg]
[elegencia.pixcelsthemes.com/livepreview/elegencia-main/assets/img/author.png]
[elegencia.pixcelsthemes.com/livepreview/elegencia-main/restaurant/blog-details.html]
[elegencia.pixcelsthemes.com/livepreview/elegencia-main/restaurant/contact.html]
[elegencia.pixcelsthemes.com/livepreview/elegencia-main/restaurant/contact-2.html]
[elegencia.pixcelsthemes.com/livepreview/elegencia-main/assets/img/common_bg_2.png]
[elegencia.pixcelsthemes.com/livepreview/elegencia-main/assets/img/our_story_1.jpg]
[elegencia.pixcelsthemes.com/livepreview/elegencia-main/assets/img/our_story_2.jpg]
[elegencia.pixcelsthemes.com/livepreview/elegencia-main/assets/img/our_story_3.jpg]
[elegencia.pixcelsthemes.com/livepreview/elegencia-main/hotel-resort/about.html]
[elegencia.pixcelsthemes.com/livepreview/elegencia-main/hotel-resort/menu.html]
[elegencia.pixcelsthemes.com/livepreview/elegencia-main/hotel-resort/chef.html]
[elegencia.pixcelsthemes.com/livepreview/elegencia-main/hotel-resort/contact.html]
[elegencia.pixcelsthemes.com/livepreview/elegencia-main/hotel-resort/reservations.html]
[elegencia.pixcelsthemes.com/livepreview/elegencia-main/hotel-resort/about-hotel-resort.html]
[elegencia.pixcelsthemes.com/livepreview/elegencia-main/assets/img/room_5.jpg]
[elegencia.pixcelsthemes.com/livepreview/elegencia-main/assets/img/room_6.jpg]
[elegencia.pixcelsthemes.com/livepreview/elegencia-main/hotel-resort/room.html]
[elegencia.pixcelsthemes.com/livepreview/elegencia-main/assets/img/single_room_1.jpg]
[elegencia.pixcelsthemes.com/livepreview/elegencia-main/hotel-resort/single-room.html]
[elegencia.pixcelsthemes.com/livepreview/elegencia-main/assets/img/review_start.svg]
[elegencia.pixcelsthemes.com/livepreview/elegencia-main/assets/img/event_single_page.jpg]
[elegencia.pixcelsthemes.com/livepreview/elegencia-main/hotel-resort/event-single-page.html]
[elegencia.pixcelsthemes.com/livepreview/elegencia-main/reservations.html]
[elegencia.pixcelsthemes.com/livepreview/elegencia-main/hotel-resort/faq.html]
[elegencia.pixcelsthemes.com/livepreview/elegencia-main/hotel-resort/portfolio-details.html]
[elegencia.pixcelsthemes.com/livepreview/elegencia-main/hotel-resort/restaurent.html]
[elegencia.pixcelsthemes.com/livepreview/elegencia-main/assets/img/wellness_1.jpg]
[elegencia.pixcelsthemes.com/livepreview/elegencia-main/assets/img/wellness_2.jpg]
[elegencia.pixcelsthemes.com/livepreview/elegencia-main/assets/img/wellness_3.jpg]
[elegencia.pixcelsthemes.com/livepreview/elegencia-main/assets/img/spa_1.jpg]
[elegencia.pixcelsthemes.com/livepreview/elegencia-main/assets/img/Spa_Wellness.png]
[elegencia.pixcelsthemes.com/livepreview/elegencia-main/assets/img/spa_2.jpg]
[elegencia.pixcelsthemes.com/livepreview/elegencia-main/assets/img/spa_3.jpg]
[elegencia.pixcelsthemes.com/livepreview/elegencia-main/hotel-resort/spa-wellness.html]
[elegencia.pixcelsthemes.com/livepreview/elegencia-main/assets/img/hotel_facilities_blog_1.jpg]
[elegencia.pixcelsthemes.com/livepreview/elegencia-main/assets/img/arrow.svg]
[elegencia.pixcelsthemes.com/livepreview/elegencia-main/assets/img/hotel_facilities_blog_2.jpg]
[elegencia.pixcelsthemes.com/livepreview/elegencia-main/assets/img/hotel_facilities_blog_3.jpg]
[elegencia.pixcelsthemes.com/livepreview/elegencia-main/assets/img/hotel_facilities_blog_4.jpg]
[elegencia.pixcelsthemes.com/livepreview/elegencia-main/hotel-resort/blog.html]
[elegencia.pixcelsthemes.com/livepreview/elegencia-main/assets/img/errorBg.png]
[elegencia.pixcelsthemes.com/livepreview/elegencia-main/restaurant/404.html]
[elegencia.pixcelsthemes.com/livepreview/elegencia-main/restaurant/room.df.delayed]
[elegencia.pixcelsthemes.com/livepreview/elegencia-main/restaurant/about-hotel-resort.html]
[elegencia.pixcelsthemes.com/livepreview/elegencia-main/restaurant/resort.html]
[elegencia.pixcelsthemes.com/livepreview/elegencia-main/restaurant/single-room.html]
[elegencia.pixcelsthemes.com/livepreview/elegencia-main/restaurant/event-list.html]
[elegencia.pixcelsthemes.com/livepreview/elegencia-main/restaurant/event-single-page.html]
[elegencia.pixcelsthemes.com/livepreview/elegencia-main/restaurant/restaurent.html]
[elegencia.pixcelsthemes.com/livepreview/elegencia-main/restaurant/spa-wellness.html]
[elegencia.pixcelsthemes.com/livepreview/elegencia-main/restaurant/hotel-facilities.html]
[elegencia.pixcelsthemes.com/livepreview/elegencia-main/restaurant/faq.html]
[elegencia.pixcelsthemes.com/livepreview/elegencia-main/restaurant/comming.html]
[elegencia.pixcelsthemes.com/livepreview/elegencia-main/assets/js/plugins/jquery-3.7.1.min.js]
[elegencia.pixcelsthemes.com/livepreview/elegencia-main/assets/js/plugins/isotope.pkg.min.js]
[elegencia.pixcelsthemes.com/livepreview/${l}]
[elegencia.pixcelsthemes.com/livepreview/e]
[elegencia.pixcelsthemes.com/livepreview/t.params.url]
[elegencia.pixcelsthemes.com/livepreview/elegencia-main/assets/js/plugins/swiper.min.js]
[elegencia.pixcelsthemes.com/livepreview/elegencia-main/assets/js/plugins/lightgallery.min.js]
[elegencia.pixcelsthemes.com/livepreview/elegencia-main/assets/js/plugins/ScrollSmoother.min.js]
[elegencia.pixcelsthemes.com/livepreview/elegencia-main/assets/js/plugins/SplitText.min.js]
[elegencia.pixcelsthemes.com/livepreview/elegencia-main/assets/js/plugins/ScrollTrigger.min.js]
[elegencia.pixcelsthemes.com/livepreview/elegencia-main/assets/js/plugins/ScrollToPlugin.min.js]
[elegencia.pixcelsthemes.com/livepreview/elegencia-main/assets/js/plugins/gsap.min.js]
[elegencia.pixcelsthemes.com/livepreview/elegencia-main/assets/js/main.js]
[elegencia.pixcelsthemes.com/livepreview/maindemo.js]
[elegencia.pixcelsthemes.com/livepreview/elegencia-main/assets/fonts/lgd641.svg]
[elegencia.pixcelsthemes.com/livepreview/elegencia-main/assets/css/img/vimeo-play.html]
[elegencia.pixcelsthemes.com/livepreview/elegencia-main/assets/css/img/video-play.html]
[elegencia.pixcelsthemes.com/livepreview/elegencia-main/assets/css/img/youtube-play.html]
[elegencia.pixcelsthemes.com/livepreview/elegencia-main/assets/img/loading.html]
[elegencia.pixcelsthemes.com/livepreview/elegencia-main/assets/img/favicon.svg]
[elegencia.pixcelsthemes.com/livepreview/elegencia-main/assets/css/style.css]
[elegencia.pixcelsthemes.com/livepreview/elegencia-main/restaurant/reservations.html]
[elegencia.pixcelsthemes.com/livepreview/elegencia-main/assets/img/gallery_4.jpg]
[elegencia.pixcelsthemes.com/livepreview/elegencia-main/assets/img/gallery_5.jpg]
[elegencia.pixcelsthemes.com/livepreview/elegencia-main/assets/img/gallery_6.jpg]
[elegencia.pixcelsthemes.com/livepreview/elegencia-main/restaurant/gallery.html]
[elegencia.pixcelsthemes.com/livepreview/elegencia-main/assets/img/testimonial_icon_l.svg]
[elegencia.pixcelsthemes.com/livepreview/elegencia-main/assets/img/testimonial_icon_r.svg]
[elegencia.pixcelsthemes.com/livepreview/elegencia-main/assets/img/star_line.svg]
[elegencia.pixcelsthemes.com/livepreview/elegencia-main/assets/img/event_list_1.jpg]
[elegencia.pixcelsthemes.com/livepreview/elegencia-main/assets/img/event_list_2.jpg]
[elegencia.pixcelsthemes.com/livepreview/elegencia-main/assets/img/event_list_3.jpg]
[elegencia.pixcelsthemes.com/livepreview/elegencia-main/hotel-resort/event-list.html]
[elegencia.pixcelsthemes.com/livepreview/elegencia-main/hotel-resort/blog-details.html]
[elegencia.pixcelsthemes.com/livepreview/elegencia-main/assets/img/facilities_1.jpg]
[elegencia.pixcelsthemes.com/livepreview/elegencia-main/assets/img/facilities_2.jpg]
[elegencia.pixcelsthemes.com/livepreview/elegencia-main/assets/img/facilities_3.jpg]
[elegencia.pixcelsthemes.com/livepreview/elegencia-main/assets/img/facilities_4.jpg]
[elegencia.pixcelsthemes.com/livepreview/elegencia-main/assets/img/facilities_5.jpg]
[elegencia.pixcelsthemes.com/livepreview/elegencia-main/assets/img/facilities_6.jpg]
[elegencia.pixcelsthemes.com/livepreview/elegencia-main/hotel-resort/hotel-facilities.html]
[elegencia.pixcelsthemes.com/livepreview/elegencia-main/hotel-resort/comming.html]
[elegencia.pixcelsthemes.com/livepreview/elegencia-main/hotel-resort/404.html]
[elegencia.pixcelsthemes.com/livepreview/elegencia-main/assets/js/plugins/pagination.min.js]
[elegencia.pixcelsthemes.com/livepreview/elegencia-main/hotel-resort/about.html]
[elegencia.pixcelsthemes.com/livepreview/elegencia-main/hotel-resort/menu.html]
[elegencia.pixcelsthemes.com/livepreview/elegencia-main/hotel-resort/chef.html]
[elegencia.pixcelsthemes.com/livepreview/elegencia-main/hotel-resort/contact.html]
[elegencia.pixcelsthemes.com/livepreview/elegencia-main/hotel-resort/reservations.html]
[elegencia.pixcelsthemes.com/livepreview/elegencia-main/assets/img/review_start.svg]
[elegencia.pixcelsthemes.com/livepreview/elegencia-main/reservations.html]
[elegencia.pixcelsthemes.com/livepreview/elegencia-main/hotel-resort/portfolio-details.html]
[elegencia.pixcelsthemes.com/livepreview/elegencia-main/assets/img/arrow.svg]
[elegencia.pixcelsthemes.com/livepreview/elegencia-main/restaurant/room.html]
[elegencia.pixcelsthemes.com/livepreview/elegencia-main/restaurant/about-hotel-resort.html]
[elegencia.pixcelsthemes.com/livepreview/elegencia-main/restaurant/resort.html]
[elegencia.pixcelsthemes.com/livepreview/elegencia-main/restaurant/single-room.html]
[elegencia.pixcelsthemes.com/livepreview/elegencia-main/restaurant/event-list.html]
[elegencia.pixcelsthemes.com/livepreview/elegencia-main/restaurant/event-single-page.html]
[elegencia.pixcelsthemes.com/livepreview/elegencia-main/restaurant/restaurent.html]
[elegencia.pixcelsthemes.com/livepreview/elegencia-main/restaurant/spa-wellness.html]
[elegencia.pixcelsthemes.com/livepreview/elegencia-main/restaurant/hotel-facilities.html]
[elegencia.pixcelsthemes.com/livepreview/elegencia-main/restaurant/faq.html]
[elegencia.pixcelsthemes.com/livepreview/${l}.html]
[elegencia.pixcelsthemes.com/livepreview/e.html]
[elegencia.pixcelsthemes.com/livepreview/t.params.html]
